// Jest Snapshot v1, https://goo.gl/fbAQLP

exports[`Link changes the class when hovered 1`] = `
<button
  className="button"
  onClick={[Function]}
  type="button"
>
  Click
</button>
`;
